// Jest Snapshot v1, https://goo.gl/fbAQLP

exports[`dlq creates an alarm 1`] = `Object {}`;
